// Jest Snapshot v1, https://goo.gl/fbAQLP

exports[`validation checks emptiness 1`] = `
Object {
  "experiences": Array [
    Object {
      "company": "company",
      "companyErrors": "companyError",
      "content": "content",
      "contentErrors": "contentError",
      "endDate": "endDate",
      "endDateErrors": "end dateError",
      "position": "position",
      "positionErrors": "positionError",
      "startDate": "startDate",
      "startDateErrors": "start dateError",
    },
  ],
  "skills": "skills",
  "skillsErrors": "skillsError",
  "summary": "summary",
  "summaryErrors": "summaryError",
}
`;
